2026-09-16 10:41:50,537 | INFO | Notification queued: Appointment A001 confirmed for patient P001
2026-09-16 10:41:50,540 | INFO | Notification queued: Reminder for appointment A001 for patient P001
2026-09-16 10:41:50,543 | INFO | Notification queued: Appointment A001 confirmed for patient P001
2026-09-16 10:41:50,543 | INFO | Notification queued: Reminder for appointment A001 for patient P001
2026-09-16 10:41:50,543 | INFO | Notification processed: Appointment A001 confirmed for patient P001
2026-09-16 10:41:50,543 | INFO | Notification processed: Reminder for appointment A001 for patient P001
2026-09-16 10:44:28,606 | INFO | Notification queued: Appointment A001 confirmed for patient P001
2026-09-16 10:44:28,608 | INFO | Notification queued: Reminder for appointment A001 for patient P001
2026-09-16 10:44:28,613 | INFO | Notification queued: Appointment A001 confirmed for patient P001
2026-09-16 10:44:28,613 | INFO | Notification queued: Reminder for appointment A001 for patient P001
2026-09-16 10:44:28,613 | INFO | Notification processed: Appointment A001 confirmed for patient P001
2026-09-16 10:44:28,613 | INFO | Notification processed: Reminder for appointment A001 for patient P001
2026-09-16 10:46:16,418 | INFO | Patient registered: P001
2026-09-16 10:46:21,880 | INFO | Notification queued: Appointment A001 confirmed for patient P001
2026-09-16 10:46:21,883 | INFO | Notification queued: Reminder for appointment A001 for patient P001
2026-09-16 10:46:21,886 | INFO | Notification queued: Appointment A001 confirmed for patient P001
2026-09-16 10:46:21,887 | INFO | Notification queued: Reminder for appointment A001 for patient P001
2026-09-16 10:46:21,887 | INFO | Notification processed: Appointment A001 confirmed for patient P001
2026-09-16 10:46:21,887 | INFO | Notification processed: Reminder for appointment A001 for patient P001
2026-09-16 10:46:21,984 | INFO | Patient registered: P001
2026-09-16 10:52:51,178 | INFO | Notification queued: Appointment A001 confirmed for patient P001
2026-09-16 10:52:51,181 | INFO | Notification queued: Reminder for appointment A001 for patient P001
2026-09-16 10:52:51,186 | INFO | Notification queued: Appointment A001 confirmed for patient P001
2026-09-16 10:52:51,186 | INFO | Notification queued: Reminder for appointment A001 for patient P001
2026-09-16 10:52:51,186 | INFO | Notification processed: Appointment A001 confirmed for patient P001
2026-09-16 10:52:51,187 | INFO | Notification processed: Reminder for appointment A001 for patient P001
2026-09-16 10:55:34,146 | INFO | Notification queued: Appointment A001 confirmed for patient P001
2026-09-16 10:55:34,149 | INFO | Notification queued: Reminder for appointment A001 for patient P001
2026-09-16 10:55:34,152 | INFO | Notification queued: Appointment A001 confirmed for patient P001
2026-09-16 10:55:34,152 | INFO | Notification queued: Reminder for appointment A001 for patient P001
2026-09-16 10:55:34,152 | INFO | Notification processed: Appointment A001 confirmed for patient P001
2026-09-16 10:55:34,152 | INFO | Notification processed: Reminder for appointment A001 for patient P001
2026-09-16 10:55:34,318 | INFO | Patient registered: P001
2026-09-16 10:57:08,403 | INFO | Notification queued: Appointment A001 confirmed for patient P001
2026-09-16 10:57:08,406 | INFO | Notification queued: Reminder for appointment A001 for patient P001
2026-09-16 10:57:08,408 | INFO | Notification queued: Appointment A001 confirmed for patient P001
2026-09-16 10:57:08,408 | INFO | Notification queued: Reminder for appointment A001 for patient P001
2026-09-16 10:57:08,408 | INFO | Notification processed: Appointment A001 confirmed for patient P001
2026-09-16 10:57:08,408 | INFO | Notification processed: Reminder for appointment A001 for patient P001
2026-09-16 10:57:08,492 | INFO | Patient registered: P001
2026-09-16 10:57:55,553 | INFO | Notification queued: Appointment A001 confirmed for patient P001
2026-09-16 10:57:55,555 | INFO | Notification queued: Reminder for appointment A001 for patient P001
2026-09-16 10:57:55,558 | INFO | Notification queued: Appointment A001 confirmed for patient P001
2026-09-16 10:57:55,558 | INFO | Notification queued: Reminder for appointment A001 for patient P001
2026-09-16 10:57:55,558 | INFO | Notification processed: Appointment A001 confirmed for patient P001
2026-09-16 10:57:55,558 | INFO | Notification processed: Reminder for appointment A001 for patient P001
2026-09-16 10:57:55,640 | INFO | Patient registered: P001
2026-09-16 11:01:36,912 | INFO | Notification queued: Appointment A001 confirmed for patient P001
2026-09-16 11:01:36,915 | INFO | Notification queued: Reminder for appointment A001 for patient P001
2026-09-16 11:01:36,918 | INFO | Notification queued: Appointment A001 confirmed for patient P001
2026-09-16 11:01:36,919 | INFO | Notification queued: Reminder for appointment A001 for patient P001
2026-09-16 11:01:36,919 | INFO | Notification processed: Appointment A001 confirmed for patient P001
2026-09-16 11:01:36,919 | INFO | Notification processed: Reminder for appointment A001 for patient P001
2026-09-16 11:01:37,083 | INFO | Patient registered: P001
2026-09-16 11:02:19,825 | INFO | Notification queued: Appointment A001 confirmed for patient P001
2026-09-16 11:02:19,828 | INFO | Notification queued: Reminder for appointment A001 for patient P001
2026-09-16 11:02:19,832 | INFO | Notification queued: Appointment A001 confirmed for patient P001
2026-09-16 11:02:19,833 | INFO | Notification queued: Reminder for appointment A001 for patient P001
2026-09-16 11:02:19,833 | INFO | Notification processed: Appointment A001 confirmed for patient P001
2026-09-16 11:02:19,833 | INFO | Notification processed: Reminder for appointment A001 for patient P001
2026-09-16 11:02:19,938 | INFO | Patient registered: P001
2026-09-16 11:06:35,832 | INFO | Hospital Management System started.
2026-09-16 11:06:35,833 | INFO | Doctors registered.
2026-09-16 11:06:35,834 | INFO | Patient registered: P001
2026-09-16 11:06:35,835 | INFO | Patient registered: P002
2026-09-16 11:06:35,836 | INFO | Patient registered: P003
2026-09-16 11:06:35,836 | INFO | Patients registered.
2026-09-16 11:06:35,838 | INFO | Appointment booked: A001 | Patient: P001 | Doctor: D001
2026-09-16 11:06:35,838 | INFO | Notification queued: Appointment A001 confirmed for patient P001
2026-09-16 11:06:35,838 | INFO | Notification queued: Reminder for appointment A001 for patient P001
2026-09-16 11:06:35,841 | INFO | Appointment booked: A002 | Patient: P002 | Doctor: D002
2026-09-16 11:06:35,841 | INFO | Notification queued: Appointment A002 confirmed for patient P002
2026-09-16 11:06:35,841 | INFO | Notification queued: Reminder for appointment A002 for patient P002
2026-09-16 11:06:35,843 | INFO | Appointment rescheduled: A002 | New slot: 2026-09-16 11:00
2026-09-16 11:06:35,845 | INFO | Appointment cancelled: A001
2026-09-16 11:06:35,845 | INFO | Emergency admitted: P001 | Severity: 3
2026-09-16 11:06:35,845 | INFO | Emergency admitted: P002 | Severity: 1
2026-09-16 11:06:35,845 | INFO | Emergency admitted: P003 | Severity: 2
2026-09-16 11:06:35,845 | INFO | Emergency processed: P002 | Severity: 1
2026-09-16 11:06:35,845 | INFO | First emergency processed: Alice
2026-09-16 11:06:35,845 | INFO | Emergency processed: P003 | Severity: 2
2026-09-16 11:06:35,846 | INFO | Second emergency processed: Robert
2026-09-16 11:06:35,848 | INFO | Medical history added: Patient: P001
2026-09-16 11:06:35,849 | INFO | Medical history added: Patient: P001
2026-09-16 11:06:35,849 | INFO | Billing generated: Patient: P001 | Amount: ₹1500.00
2026-09-16 11:06:35,849 | INFO | Bill generated successfully.
2026-09-16 11:07:55,331 | INFO | Hospital Management System started.
2026-09-16 11:07:55,332 | INFO | Doctors registered.
2026-09-16 11:07:55,333 | INFO | Patient registered: P001
2026-09-16 11:07:55,334 | INFO | Patient registered: P002
2026-09-16 11:07:55,334 | INFO | Patient registered: P003
2026-09-16 11:07:55,334 | INFO | Patients registered.
2026-09-16 11:07:55,335 | INFO | Appointment booked: A001 | Patient: P001 | Doctor: D001
2026-09-16 11:07:55,335 | INFO | Notification queued: Appointment A001 confirmed for patient P001
2026-09-16 11:07:55,335 | INFO | Notification queued: Reminder for appointment A001 for patient P001
2026-09-16 11:07:55,336 | INFO | Appointment booked: A002 | Patient: P002 | Doctor: D002
2026-09-16 11:07:55,336 | INFO | Notification queued: Appointment A002 confirmed for patient P002
2026-09-16 11:07:55,336 | INFO | Notification queued: Reminder for appointment A002 for patient P002
2026-09-16 11:07:55,337 | INFO | Appointment rescheduled: A002 | New slot: 2026-09-16 11:00
2026-09-16 11:07:55,339 | INFO | Appointment cancelled: A001
2026-09-16 11:07:55,339 | INFO | Emergency admitted: P001 | Severity: 3
2026-09-16 11:07:55,339 | INFO | Emergency admitted: P002 | Severity: 1
2026-09-16 11:07:55,339 | INFO | Emergency admitted: P003 | Severity: 2
2026-09-16 11:07:55,339 | INFO | Emergency processed: P002 | Severity: 1
2026-09-16 11:07:55,339 | INFO | First emergency processed: Alice
2026-09-16 11:07:55,339 | INFO | Emergency processed: P003 | Severity: 2
2026-09-16 11:07:55,339 | INFO | Second emergency processed: Robert
2026-09-16 11:07:55,339 | INFO | Medical history added: Patient: P001
2026-09-16 11:07:55,340 | INFO | Medical history added: Patient: P001
2026-09-16 11:07:55,340 | INFO | Billing generated: Patient: P001 | Amount: ₹1500.00
2026-09-16 11:07:55,340 | INFO | Bill generated successfully.
2026-09-16 11:07:55,340 | INFO | Hospital Management System completed.
2026-09-16 11:08:45,075 | INFO | Notification queued: Appointment A001 confirmed for patient P001
2026-09-16 11:08:45,078 | INFO | Notification queued: Reminder for appointment A001 for patient P001
2026-09-16 11:08:45,081 | INFO | Notification queued: Appointment A001 confirmed for patient P001
2026-09-16 11:08:45,082 | INFO | Notification queued: Reminder for appointment A001 for patient P001
2026-09-16 11:08:45,082 | INFO | Notification processed: Appointment A001 confirmed for patient P001
2026-09-16 11:08:45,082 | INFO | Notification processed: Reminder for appointment A001 for patient P001
2026-09-16 11:08:45,165 | INFO | Patient registered: P001
2026-09-16 11:12:00,378 | INFO | Notification queued: Appointment A001 confirmed for patient P001
2026-09-16 11:12:00,381 | INFO | Notification queued: Reminder for appointment A001 for patient P001
2026-09-16 11:12:00,384 | INFO | Notification queued: Appointment A001 confirmed for patient P001
2026-09-16 11:12:00,385 | INFO | Notification queued: Reminder for appointment A001 for patient P001
2026-09-16 11:12:00,385 | INFO | Notification processed: Appointment A001 confirmed for patient P001
2026-09-16 11:12:00,385 | INFO | Notification processed: Reminder for appointment A001 for patient P001
2026-09-16 11:12:00,465 | INFO | Patient registered: P001
2026-09-16 11:14:01,887 | INFO | Notification queued: Appointment A001 confirmed for patient P001
2026-09-16 11:14:01,889 | INFO | Notification queued: Reminder for appointment A001 for patient P001
2026-09-16 11:14:01,891 | INFO | Notification queued: Appointment A001 confirmed for patient P001
2026-09-16 11:14:01,891 | INFO | Notification queued: Reminder for appointment A001 for patient P001
2026-09-16 11:14:01,891 | INFO | Notification processed: Appointment A001 confirmed for patient P001
2026-09-16 11:14:01,891 | INFO | Notification processed: Reminder for appointment A001 for patient P001
2026-09-16 11:14:01,978 | INFO | Patient registered: P001
2026-09-16 11:17:55,171 | INFO | Notification queued: Appointment A001 confirmed for patient P001
2026-09-16 11:17:55,179 | INFO | Notification queued: Reminder for appointment A001 for patient P001
2026-09-16 11:17:55,183 | INFO | Notification queued: Appointment A001 confirmed for patient P001
2026-09-16 11:17:55,183 | INFO | Notification queued: Reminder for appointment A001 for patient P001
2026-09-16 11:17:55,184 | INFO | Notification processed: Appointment A001 confirmed for patient P001
2026-09-16 11:17:55,184 | INFO | Notification processed: Reminder for appointment A001 for patient P001
2026-09-16 11:17:55,313 | INFO | Patient registered: P001
2026-09-16 11:21:23,096 | INFO | Notification queued: Appointment A001 confirmed for patient P001
2026-09-16 11:21:23,102 | INFO | Notification queued: Reminder for appointment A001 for patient P001
2026-09-16 11:21:23,107 | INFO | Notification queued: Appointment A001 confirmed for patient P001
2026-09-16 11:21:23,107 | INFO | Notification queued: Reminder for appointment A001 for patient P001
2026-09-16 11:21:23,107 | INFO | Notification processed: Appointment A001 confirmed for patient P001
2026-09-16 11:21:23,108 | INFO | Notification processed: Reminder for appointment A001 for patient P001
2026-09-16 11:21:23,236 | INFO | Patient registered: P001
2026-09-16 11:22:14,232 | INFO | Notification queued: Appointment A001 confirmed for patient P001
2026-09-16 11:22:14,235 | INFO | Notification queued: Reminder for appointment A001 for patient P001
2026-09-16 11:22:14,238 | INFO | Notification queued: Appointment A001 confirmed for patient P001
2026-09-16 11:22:14,238 | INFO | Notification queued: Reminder for appointment A001 for patient P001
2026-09-16 11:22:14,239 | INFO | Notification processed: Appointment A001 confirmed for patient P001
2026-09-16 11:22:14,239 | INFO | Notification processed: Reminder for appointment A001 for patient P001
2026-09-16 11:22:14,325 | INFO | Patient registered: P001
2026-09-16 11:26:02,988 | INFO | Hospital Management System started.
2026-09-16 11:26:02,989 | INFO | Doctors registered.
2026-09-16 11:26:02,990 | INFO | Patient registered: P001
2026-09-16 11:26:02,991 | INFO | Patient registered: P002
2026-09-16 11:26:02,991 | INFO | Patient registered: P003
2026-09-16 11:26:02,991 | INFO | Patients registered.
2026-09-16 11:26:02,992 | INFO | Appointment booked: A001 | Patient: P001 | Doctor: D001
2026-09-16 11:26:02,992 | INFO | Notification queued: Appointment A001 confirmed for patient P001
2026-09-16 11:26:02,992 | INFO | Notification queued: Reminder for appointment A001 for patient P001
2026-09-16 11:26:02,994 | INFO | Appointment booked: A002 | Patient: P002 | Doctor: D002
2026-09-16 11:26:02,994 | INFO | Notification queued: Appointment A002 confirmed for patient P002
2026-09-16 11:26:02,994 | INFO | Notification queued: Reminder for appointment A002 for patient P002
2026-09-16 11:26:02,994 | INFO | Appointment rescheduled: A002 | New slot: 2026-09-16 11:00
2026-09-16 11:26:02,996 | INFO | Appointment cancelled: A001
2026-09-16 11:26:02,996 | INFO | Emergency admitted: P001 | Severity: 3
2026-09-16 11:26:02,996 | INFO | Emergency admitted: P002 | Severity: 1
2026-09-16 11:26:02,996 | INFO | Emergency admitted: P003 | Severity: 2
2026-09-16 11:26:02,996 | INFO | Emergency processed: P002 | Severity: 1
2026-09-16 11:26:02,996 | INFO | First emergency processed: Alice
2026-09-16 11:26:02,996 | INFO | Emergency processed: P003 | Severity: 2
2026-09-16 11:26:02,996 | INFO | Second emergency processed: Robert
2026-09-16 11:26:02,996 | INFO | Medical history added: Patient: P001
2026-09-16 11:26:02,997 | INFO | Medical history added: Patient: P001
2026-09-16 11:26:02,997 | INFO | Billing generated: Patient: P001 | Amount: ₹1500.00
2026-09-16 11:26:02,997 | INFO | Bill generated successfully.
2026-09-16 11:26:02,998 | INFO | Hospital Management System completed.
2026-09-16 11:42:09,502 | INFO | Notification queued: Appointment A001 confirmed for patient P001
2026-09-16 11:42:09,505 | INFO | Notification queued: Reminder for appointment A001 for patient P001
2026-09-16 11:42:09,509 | INFO | Notification queued: Appointment A001 confirmed for patient P001
2026-09-16 11:42:09,509 | INFO | Notification queued: Reminder for appointment A001 for patient P001
2026-09-16 11:42:09,509 | INFO | Notification processed: Appointment A001 confirmed for patient P001
2026-09-16 11:42:09,509 | INFO | Notification processed: Reminder for appointment A001 for patient P001
2026-09-16 11:42:09,744 | INFO | Patient registered: P001
2026-09-16 11:42:47,467 | INFO | Notification queued: Appointment A001 confirmed for patient P001
2026-09-16 11:42:47,469 | INFO | Notification queued: Reminder for appointment A001 for patient P001
2026-09-16 11:42:47,472 | INFO | Notification queued: Appointment A001 confirmed for patient P001
2026-09-16 11:42:47,472 | INFO | Notification queued: Reminder for appointment A001 for patient P001
2026-09-16 11:42:47,472 | INFO | Notification processed: Appointment A001 confirmed for patient P001
2026-09-16 11:42:47,472 | INFO | Notification processed: Reminder for appointment A001 for patient P001
2026-09-16 11:42:47,576 | INFO | Patient registered: P001
2026-09-16 11:43:57,689 | INFO | Hospital Management System started.
2026-09-16 11:43:57,690 | INFO | Doctors registered.
2026-09-16 11:43:57,691 | INFO | Patient registered: P001
2026-09-16 11:43:57,691 | INFO | Patient registered: P002
2026-09-16 11:43:57,692 | INFO | Patient registered: P003
2026-09-16 11:43:57,692 | INFO | Patients registered.
2026-09-16 11:43:57,693 | INFO | Appointment booked: A001 | Patient: P001 | Doctor: D001
2026-09-16 11:43:57,693 | INFO | Notification queued: Appointment A001 confirmed for patient P001
2026-09-16 11:43:57,693 | INFO | Notification queued: Reminder for appointment A001 for patient P001
2026-09-16 11:43:57,694 | INFO | Appointment booked: A002 | Patient: P002 | Doctor: D002
2026-09-16 11:43:57,694 | INFO | Notification queued: Appointment A002 confirmed for patient P002
2026-09-16 11:43:57,694 | INFO | Notification queued: Reminder for appointment A002 for patient P002
2026-09-16 11:43:57,696 | INFO | Appointment rescheduled: A002 | New slot: 2026-09-16 11:00
2026-09-16 11:43:57,697 | INFO | Appointment cancelled: A001
2026-09-16 11:43:57,697 | INFO | Emergency admitted: P001 | Severity: 3
2026-09-16 11:43:57,697 | INFO | Emergency admitted: P002 | Severity: 1
2026-09-16 11:43:57,697 | INFO | Emergency admitted: P003 | Severity: 2
2026-09-16 11:43:57,697 | INFO | Emergency processed: P002 | Severity: 1
2026-09-16 11:43:57,697 | INFO | First emergency processed: Alice
2026-09-16 11:43:57,697 | INFO | Emergency processed: P003 | Severity: 2
2026-09-16 11:43:57,697 | INFO | Second emergency processed: Robert
2026-09-16 11:43:57,697 | INFO | Appointment completed: A002
2026-09-16 11:43:57,698 | INFO | Medical history added: Patient: P001
2026-09-16 11:43:57,699 | INFO | Medical history added: Patient: P001
2026-09-16 11:43:57,699 | INFO | Billing generated: Patient: P001 | Amount: ₹1500.00
2026-09-16 11:43:57,699 | INFO | Bill generated successfully.
2026-09-16 11:43:57,700 | INFO | Hospital Management System completed.
2026-09-16 11:49:35,034 | INFO | Notification queued: Appointment A001 confirmed for patient P001
2026-09-16 11:49:35,037 | INFO | Notification queued: Reminder for appointment A001 for patient P001
2026-09-16 11:49:35,042 | INFO | Notification queued: Appointment A001 confirmed for patient P001
2026-09-16 11:49:35,042 | INFO | Notification queued: Reminder for appointment A001 for patient P001
2026-09-16 11:49:35,042 | INFO | Notification processed: Appointment A001 confirmed for patient P001
2026-09-16 11:49:35,043 | INFO | Notification processed: Reminder for appointment A001 for patient P001
2026-09-16 11:49:35,226 | INFO | Patient registered: P001
2026-09-16 11:50:26,075 | INFO | Notification queued: Appointment A001 confirmed for patient P001
2026-09-16 11:50:26,078 | INFO | Notification queued: Reminder for appointment A001 for patient P001
2026-09-16 11:50:26,081 | INFO | Notification queued: Appointment A001 confirmed for patient P001
2026-09-16 11:50:26,081 | INFO | Notification queued: Reminder for appointment A001 for patient P001
2026-09-16 11:50:26,081 | INFO | Notification processed: Appointment A001 confirmed for patient P001
2026-09-16 11:50:26,081 | INFO | Notification processed: Reminder for appointment A001 for patient P001
2026-09-16 11:50:26,182 | INFO | Patient registered: P001
2026-09-16 11:52:25,290 | INFO | Notification queued: Appointment A001 confirmed for patient P001
2026-09-16 11:52:25,293 | INFO | Notification queued: Reminder for appointment A001 for patient P001
2026-09-16 11:52:25,296 | INFO | Notification queued: Appointment A001 confirmed for patient P001
2026-09-16 11:52:25,296 | INFO | Notification queued: Reminder for appointment A001 for patient P001
2026-09-16 11:52:25,296 | INFO | Notification processed: Appointment A001 confirmed for patient P001
2026-09-16 11:52:25,296 | INFO | Notification processed: Reminder for appointment A001 for patient P001
2026-09-16 11:52:25,412 | INFO | Patient registered: P001
2026-09-16 11:55:47,172 | INFO | Hospital Management System started.
2026-09-16 11:55:47,174 | INFO | Doctors registered.
2026-09-16 11:56:15,997 | INFO | Hospital Management System started.
2026-09-16 11:56:15,998 | INFO | Doctors registered.
2026-09-16 11:56:15,999 | INFO | Patient registered: P001
2026-09-16 11:56:16,000 | INFO | Patient registered: P002
2026-09-16 11:56:16,000 | INFO | Patient registered: P003
2026-09-16 11:56:16,000 | INFO | Patients registered.
2026-09-16 11:56:16,001 | INFO | AUDIT | Time: 2026-09-16 11:56:16.001005 | User: 2026-09-16 10:00 | Operation: book_appointment
2026-09-16 11:56:16,002 | INFO | Appointment booked: A001 | Patient: P001 | Doctor: D001
2026-09-16 11:56:16,002 | INFO | Notification queued: Appointment A001 confirmed for patient P001
2026-09-16 11:56:16,002 | INFO | Notification queued: Reminder for appointment A001 for patient P001
2026-09-16 11:56:16,002 | INFO | AUDIT | Time: 2026-09-16 11:56:16.002632 | User: 2026-09-16 10:00 | Operation: book_appointment
2026-09-16 11:56:16,004 | INFO | Appointment booked: A002 | Patient: P002 | Doctor: D002
2026-09-16 11:56:16,004 | INFO | Notification queued: Appointment A002 confirmed for patient P002
2026-09-16 11:56:16,004 | INFO | Notification queued: Reminder for appointment A002 for patient P002
2026-09-16 11:56:16,005 | INFO | Appointment rescheduled: A002 | New slot: 2026-09-16 11:00
2026-09-16 11:56:16,006 | INFO | Appointment cancelled: A001
2026-09-16 11:56:16,007 | INFO | AUDIT | Time: 2026-09-16 11:56:16.007109 | User: 3 | Operation: admit_emergency
2026-09-16 11:56:16,007 | INFO | Emergency admitted: P001 | Severity: 3
2026-09-16 11:56:16,007 | INFO | AUDIT | Time: 2026-09-16 11:56:16.007250 | User: 1 | Operation: admit_emergency
2026-09-16 11:56:16,007 | INFO | Emergency admitted: P002 | Severity: 1
2026-09-16 11:56:16,007 | INFO | AUDIT | Time: 2026-09-16 11:56:16.007335 | User: 2 | Operation: admit_emergency
2026-09-16 11:56:16,007 | INFO | Emergency admitted: P003 | Severity: 2
2026-09-16 11:56:16,007 | INFO | Emergency processed: P002 | Severity: 1
2026-09-16 11:56:16,007 | INFO | First emergency processed: Alice
2026-09-16 11:56:16,007 | INFO | Emergency processed: P003 | Severity: 2
2026-09-16 11:56:16,007 | INFO | Second emergency processed: Robert
2026-09-16 11:56:16,008 | INFO | Appointment completed: A002
2026-09-16 11:56:16,009 | INFO | Medical history added: Patient: P001
2026-09-16 11:56:16,010 | INFO | Medical history added: Patient: P001
2026-09-16 11:56:16,010 | INFO | AUDIT | Time: 2026-09-16 11:56:16.010279 | User: {'X-Ray': 500} | Operation: generate_bill
2026-09-16 11:56:16,010 | INFO | Billing generated: Patient: P001 | Amount: ₹1500.00
2026-09-16 11:56:16,010 | INFO | Bill generated successfully.
2026-09-16 11:56:16,011 | INFO | Hospital Management System completed.
2026-09-16 12:05:52,392 | INFO | Hospital Management System started.
2026-09-16 12:05:52,394 | INFO | Doctors registered.
2026-09-16 12:05:52,395 | INFO | Patient registered: P001
2026-09-16 12:05:52,395 | INFO | Patient registered: P002
2026-09-16 12:05:52,396 | INFO | Patient registered: P003
2026-09-16 12:05:52,396 | INFO | Patients registered.
2026-09-16 12:05:52,397 | INFO | AUDIT | Time: 2026-09-16 12:05:52.397037 | User: 2026-09-16 10:00 | Operation: book_appointment
2026-09-16 12:05:52,398 | INFO | Appointment booked: A001 | Patient: P001 | Doctor: D001
2026-09-16 12:05:52,398 | INFO | Notification queued: Appointment A001 confirmed for patient P001
2026-09-16 12:05:52,398 | INFO | Notification queued: Reminder for appointment A001 for patient P001
2026-09-16 12:05:52,399 | INFO | AUDIT | Time: 2026-09-16 12:05:52.398988 | User: 2026-09-16 10:00 | Operation: book_appointment
2026-09-16 12:05:52,400 | INFO | Appointment booked: A002 | Patient: P002 | Doctor: D002
2026-09-16 12:05:52,401 | INFO | Notification queued: Appointment A002 confirmed for patient P002
2026-09-16 12:05:52,401 | INFO | Notification queued: Reminder for appointment A002 for patient P002
2026-09-16 12:05:52,402 | INFO | Appointment rescheduled: A002 | New slot: 2026-09-16 11:00
2026-09-16 12:05:52,403 | INFO | Appointment cancelled: A001
2026-09-16 12:05:52,403 | INFO | AUDIT | Time: 2026-09-16 12:05:52.403933 | User: 3 | Operation: admit_emergency
2026-09-16 12:05:52,404 | INFO | Emergency admitted: P001 | Severity: 3
2026-09-16 12:05:52,404 | INFO | AUDIT | Time: 2026-09-16 12:05:52.404117 | User: 1 | Operation: admit_emergency
2026-09-16 12:05:52,404 | INFO | Emergency admitted: P002 | Severity: 1
2026-09-16 12:05:52,404 | INFO | AUDIT | Time: 2026-09-16 12:05:52.404245 | User: 2 | Operation: admit_emergency
2026-09-16 12:05:52,404 | INFO | Emergency admitted: P003 | Severity: 2
2026-09-16 12:05:52,404 | INFO | Emergency processed: P002 | Severity: 1
2026-09-16 12:05:52,404 | INFO | First emergency processed: Alice
2026-09-16 12:05:52,404 | INFO | Emergency processed: P003 | Severity: 2
2026-09-16 12:05:52,404 | INFO | Second emergency processed: Robert
2026-09-16 12:05:52,405 | INFO | Appointment completed: A002
2026-09-16 12:05:52,406 | INFO | Medical history added: Patient: P001
2026-09-16 12:05:52,406 | INFO | Medical history added: Patient: P001
2026-09-16 12:05:52,406 | INFO | AUDIT | Time: 2026-09-16 12:05:52.406943 | User: {'X-Ray': 500} | Operation: generate_bill
2026-09-16 12:05:52,407 | INFO | Billing generated: Patient: P001 | Amount: ₹1500.00
2026-09-16 12:05:52,407 | INFO | Bill generated successfully.
2026-09-16 12:05:52,409 | INFO | Hospital Management System completed.
2026-09-16 12:12:44,352 | INFO | Hospital Management System started.
2026-09-16 12:12:44,353 | INFO | Doctors registered.
2026-09-16 12:13:23,778 | INFO | Hospital Management System started.
2026-09-16 12:13:23,779 | INFO | Doctors registered.
2026-09-16 12:13:23,780 | INFO | Patient registered: P001
2026-09-16 12:13:23,780 | INFO | Patient registered: P002
2026-09-16 12:13:23,781 | INFO | Patient registered: P003
2026-09-16 12:13:23,781 | INFO | Patients registered.
2026-09-16 12:13:23,781 | INFO | AUDIT | Time: 2026-09-16 12:13:23.781535 | User: 2026-09-16 10:00 | Operation: book_appointment
2026-09-16 12:13:23,782 | INFO | Appointment booked: A001 | Patient: P001 | Doctor: D001
2026-09-16 12:13:23,782 | INFO | Notification queued: Appointment A001 confirmed for patient P001
2026-09-16 12:13:23,782 | INFO | Notification queued: Reminder for appointment A001 for patient P001
2026-09-16 12:13:23,782 | INFO | AUDIT | Time: 2026-09-16 12:13:23.782946 | User: 2026-09-16 10:00 | Operation: book_appointment
2026-09-16 12:13:23,784 | INFO | Appointment booked: A002 | Patient: P002 | Doctor: D002
2026-09-16 12:13:23,784 | INFO | Notification queued: Appointment A002 confirmed for patient P002
2026-09-16 12:13:23,784 | INFO | Notification queued: Reminder for appointment A002 for patient P002
2026-09-16 12:13:23,785 | INFO | Appointment rescheduled: A002 | New slot: 2026-09-16 11:00
2026-09-16 12:13:23,786 | INFO | Appointment cancelled: A001
2026-09-16 12:13:23,786 | INFO | AUDIT | Time: 2026-09-16 12:13:23.786795 | User: 3 | Operation: admit_emergency
2026-09-16 12:13:23,786 | INFO | Emergency admitted: P001 | Severity: 3
2026-09-16 12:13:23,786 | INFO | AUDIT | Time: 2026-09-16 12:13:23.786898 | User: 1 | Operation: admit_emergency
2026-09-16 12:13:23,786 | INFO | Emergency admitted: P002 | Severity: 1
2026-09-16 12:13:23,786 | INFO | AUDIT | Time: 2026-09-16 12:13:23.786959 | User: 2 | Operation: admit_emergency
2026-09-16 12:13:23,786 | INFO | Emergency admitted: P003 | Severity: 2
2026-09-16 12:13:23,787 | INFO | Emergency processed: P002 | Severity: 1
2026-09-16 12:13:23,787 | INFO | First emergency processed: Alice
2026-09-16 12:13:23,787 | INFO | Emergency processed: P003 | Severity: 2
2026-09-16 12:13:23,787 | INFO | Second emergency processed: Robert
2026-09-16 12:13:23,787 | INFO | Appointment completed: A002
2026-09-16 12:13:23,788 | INFO | Medical history added: Patient: P001
2026-09-16 12:13:23,789 | INFO | Medical history added: Patient: P001
2026-09-16 12:13:23,789 | INFO | AUDIT | Time: 2026-09-16 12:13:23.789118 | User: {'X-Ray': 500} | Operation: generate_bill
2026-09-16 12:13:23,789 | INFO | Billing generated: Patient: P001 | Amount: ₹1500.00
2026-09-16 12:13:23,789 | INFO | Bill generated successfully.
2026-09-16 12:13:23,790 | INFO | Hospital Management System completed.
2026-09-16 12:21:39,738 | INFO | Patient registered: P04
2026-09-16 12:22:45,814 | INFO | AUDIT | Time: 2026-09-16 12:22:45.814270 | User: 2026-09-16 10:00 | Operation: book_appointment
2026-09-16 12:26:19,155 | INFO | AUDIT | Time: 2026-09-16 12:26:19.155098 | User: 2026-09-16 10:00 | Operation: book_appointment
2026-09-16 12:26:19,158 | INFO | Appointment booked: A003 | Patient: P04 | Doctor: D003
2026-09-16 12:26:19,158 | INFO | Notification queued: Appointment A003 confirmed for patient P04
2026-09-16 12:26:19,158 | INFO | Notification queued: Reminder for appointment A003 for patient P04
2026-09-16 12:28:11,656 | INFO | Appointment rescheduled: A003 | New slot: 2026-09-16 11:00
2026-09-16 12:28:19,124 | INFO | Appointment cancelled: A003
2026-09-16 12:28:27,898 | INFO | AUDIT | Time: 2026-09-16 12:28:27.898759 | User: 2 | Operation: admit_emergency
2026-09-16 12:28:50,521 | INFO | AUDIT | Time: 2026-09-16 12:28:50.521166 | User: 2 | Operation: admit_emergency
2026-09-16 12:28:50,521 | INFO | Emergency admitted: P003 | Severity: 2
2026-09-16 12:29:00,415 | INFO | Emergency processed: P003 | Severity: 2
2026-09-16 12:30:20,533 | INFO | Medical history added: Patient: P003
2026-09-16 12:31:04,156 | INFO | AUDIT | Time: 2026-09-16 12:31:04.156906 | User: {} | Operation: generate_bill
2026-09-16 12:31:04,157 | INFO | Billing generated: Patient: P003 | Amount: ₹1300.00
2026-09-16 12:32:51,872 | INFO | AUDIT | Time: 2026-09-16 12:32:51.872637 | User: {'Test': 100.0} | Operation: generate_bill
2026-09-16 12:32:51,873 | INFO | Billing generated: Patient: P002 | Amount: ₹300.00
2026-09-16 13:44:34,588 | INFO | Patient registered: P005
2026-09-16 13:47:21,849 | INFO | AUDIT | Time: 2026-09-16 13:47:21.849580 | User: 2026-09-17 02:00 | Operation: book_appointment
2026-09-16 13:48:01,010 | INFO | AUDIT | Time: 2026-09-16 13:48:01.010878 | User: 2026-09-17 12:00 | Operation: book_appointment
2026-09-16 13:48:01,014 | INFO | Appointment booked: A005 | Patient: P005 | Doctor: D004
2026-09-16 13:48:01,014 | INFO | Notification queued: Appointment A005 confirmed for patient P005
2026-09-16 13:48:01,014 | INFO | Notification queued: Reminder for appointment A005 for patient P005
2026-09-16 13:48:19,455 | INFO | AUDIT | Time: 2026-09-16 13:48:19.455489 | User: 1 | Operation: admit_emergency
2026-09-16 13:48:35,721 | INFO | AUDIT | Time: 2026-09-16 13:48:35.721235 | User: 1 | Operation: admit_emergency
2026-09-16 13:48:35,721 | INFO | Emergency admitted: P003 | Severity: 1
2026-09-16 13:48:44,723 | INFO | Emergency processed: P003 | Severity: 1
2026-09-16 13:50:10,032 | INFO | Medical history added: Patient: P04
2026-09-16 13:53:51,960 | INFO | AUDIT | Time: 2026-09-16 13:53:51.960096 | User: {'X Treatment': 300.0} | Operation: generate_bill
2026-09-16 13:56:47,838 | INFO | AUDIT | Time: 2026-09-16 13:56:47.838675 | User: {'Test': 300.0} | Operation: generate_bill
2026-09-16 13:56:47,839 | INFO | Billing generated: Patient: P001 | Amount: ₹585.00
2026-09-16 13:57:49,159 | INFO | Appointment completed: A005
2026-09-16 13:58:18,864 | INFO | AUDIT | Time: 2026-09-16 13:58:18.864228 | User: 1 | Operation: admit_emergency
2026-09-16 13:58:18,864 | INFO | Emergency admitted: P002 | Severity: 1
2026-09-16 13:58:21,256 | INFO | Emergency processed: P002 | Severity: 1
2026-09-16 14:01:18,192 | INFO | AUDIT | Time: 2026-09-16 14:01:18.192435 | User: 2 | Operation: admit_emergency
2026-09-16 14:01:18,192 | INFO | Emergency admitted: P002 | Severity: 2
2026-09-16 14:01:22,589 | INFO | Emergency processed: P002 | Severity: 2
2026-09-16 14:09:39,668 | INFO | AUDIT | Time: 2026-09-16 14:09:39.668158 | User: 1 | Operation: admit_emergency
2026-09-16 14:09:50,435 | INFO | AUDIT | Time: 2026-09-16 14:09:50.435542 | User: 1 | Operation: admit_emergency
2026-09-16 14:09:50,435 | INFO | Emergency admitted: P002 | Severity: 1
2026-09-16 14:10:17,127 | INFO | Emergency processed: P002 | Severity: 1
2026-09-17 09:27:58,204 | INFO | Patient registered: P006
2026-09-17 09:29:48,038 | INFO | AUDIT | Time: 2026-09-17 09:29:48.038805 | User: 2026-09-17 12:00 | Operation: book_appointment
2026-09-17 09:29:48,042 | INFO | Appointment booked: A004 | Patient: P006 | Doctor: D005
2026-09-17 09:29:48,042 | INFO | Notification queued: Appointment A004 confirmed for patient P006
2026-09-17 09:29:48,042 | INFO | Notification queued: Reminder for appointment A004 for patient P006
2026-09-17 09:30:11,071 | INFO | Appointment rescheduled: A004 | New slot: 2026-09-17 04:00
2026-09-17 09:30:31,042 | INFO | Appointment cancelled: A005
2026-09-17 09:31:25,000 | INFO | AUDIT | Time: 2026-09-17 09:31:25.000823 | User: 1 | Operation: admit_emergency
2026-09-17 09:31:25,001 | INFO | Emergency admitted: P006 | Severity: 1
2026-09-17 09:31:31,171 | INFO | Emergency processed: P006 | Severity: 1
2026-09-17 09:31:42,022 | INFO | Appointment completed: A004
2026-09-17 09:32:55,152 | INFO | Medical history added: Patient: P006
2026-09-17 09:33:40,906 | INFO | Medical history added: Patient: P006
2026-09-17 09:34:38,935 | INFO | AUDIT | Time: 2026-09-17 09:34:38.935629 | User: {'ECG': 500.0} | Operation: generate_bill
2026-09-17 09:34:38,943 | INFO | Billing generated: Patient: P006 | Amount: ₹900.00
2026-09-17 09:48:36,775 | INFO | AUDIT | Time: 2026-09-17 09:48:36.775664 | User: 2026-09-17 | Operation: book_appointment
2026-09-17 10:21:43,898 | INFO | Notification queued: Appointment A001 confirmed for patient P001
2026-09-17 10:21:43,903 | INFO | Notification queued: Reminder for appointment A001 for patient P001
2026-09-17 10:21:43,908 | INFO | Notification queued: Appointment A001 confirmed for patient P001
2026-09-17 10:21:43,908 | INFO | Notification queued: Reminder for appointment A001 for patient P001
2026-09-17 10:21:43,908 | INFO | Notification processed: Appointment A001 confirmed for patient P001
2026-09-17 10:21:43,908 | INFO | Notification processed: Reminder for appointment A001 for patient P001
2026-09-17 10:23:33,244 | INFO | Patient registered: P009
